[4328:23804:0808/181445.380:WARNING:chrome_main_delegate.cc(745)] This is Chrome version 128.0.6613.138 (not a warning)
[4328:22364:0808/181445.424:ERROR:google_update_settings.cc(265)] Failed opening key Software\Chromium to set usagestats; result: 5
[4328:23804:0808/181445.454:WARNING:account_consistency_mode_manager.cc(77)] Desktop Identity Consistency cannot be enabled as no OAuth client ID and client secret have been configured.
[4284:9752:0808/181453.025:WARNING:frame_impl.cc(430)] virtual CefFrameImpl::SendProcessMessage sent to detached frame 5-AA400CE7C1CEA0FDB05D000A855D02A3 will be ignored
[23256:5532:0808/181454.201:WARNING:codec.cc(525)] Explicitly added H264 constrained baseline to list of supported formats.
[23256:17080:0808/181454.222:WARNING:codec.cc(525)] Explicitly added H264 constrained baseline to list of supported formats.
[23256:17080:0808/181454.222:WARNING:codec.cc(525)] Explicitly added H264 constrained baseline to list of supported formats.
[23256:17080:0808/181454.223:WARNING:codec.cc(525)] Explicitly added H264 constrained baseline to list of supported formats.
[16952:10280:0808/181454.425:WARNING:host_resolver_dns_task.cc(863)] Address list empty after RFC3484 sort
[16952:10280:0808/181454.429:WARNING:host_resolver_dns_task.cc(863)] Address list empty after RFC3484 sort
[16952:10280:0808/181454.430:WARNING:host_resolver_dns_task.cc(863)] Address list empty after RFC3484 sort
[16952:10280:0808/181454.433:WARNING:host_resolver_dns_task.cc(863)] Address list empty after RFC3484 sort
[16952:10280:0808/181454.436:ERROR:socket_manager.cc(147)] Failed to resolve address for stun.l.google.com., errorcode: -105
[16952:10280:0808/181454.436:ERROR:socket_manager.cc(147)] Failed to resolve address for stun.l.google.com., errorcode: -105
[16952:10280:0808/181454.436:ERROR:socket_manager.cc(147)] Failed to resolve address for stun.l.google.com., errorcode: -105
[16952:10280:0808/181454.436:WARNING:host_resolver_dns_task.cc(863)] Address list empty after RFC3484 sort
[16952:10280:0808/181454.438:ERROR:socket_manager.cc(147)] Failed to resolve address for stun1.l.google.com., errorcode: -105
[16952:10280:0808/181454.438:ERROR:socket_manager.cc(147)] Failed to resolve address for stun1.l.google.com., errorcode: -105
[16952:10280:0808/181454.438:ERROR:socket_manager.cc(147)] Failed to resolve address for stun1.l.google.com., errorcode: -105
[16952:10280:0808/181454.439:WARNING:host_resolver_dns_task.cc(863)] Address list empty after RFC3484 sort
[16952:10280:0808/181454.444:ERROR:socket_manager.cc(147)] Failed to resolve address for stun.cloudflare.com., errorcode: -105
[16952:10280:0808/181454.444:ERROR:socket_manager.cc(147)] Failed to resolve address for stun.cloudflare.com., errorcode: -105
[16952:10280:0808/181454.444:ERROR:socket_manager.cc(147)] Failed to resolve address for stun.cloudflare.com., errorcode: -105
[23256:17080:0808/181454.706:WARNING:stun_port.cc(442)] Port[1295000:0:1:0:host:Net[any:0:0:0:x:x:x:x:x/0:Wildcard:id=0]]: StunPort: stun host lookup received error -1
[23256:17080:0808/181454.706:WARNING:stun_port.cc(442)] Port[1295800:1:1:0:host:Net[any:0:0:0:x:x:x:x:x/0:Wildcard:id=0]]: StunPort: stun host lookup received error -1
[23256:17080:0808/181454.706:WARNING:stun_port.cc(442)] Port[1296000:2:1:0:host:Net[any:0:0:0:x:x:x:x:x/0:Wildcard:id=0]]: StunPort: stun host lookup received error -1
[23256:17080:0808/181454.706:WARNING:stun_port.cc(442)] Port[1295000:0:1:0:host:Net[any:0:0:0:x:x:x:x:x/0:Wildcard:id=0]]: StunPort: stun host lookup received error -1
[23256:17080:0808/181454.706:WARNING:stun_port.cc(442)] Port[1295800:1:1:0:host:Net[any:0:0:0:x:x:x:x:x/0:Wildcard:id=0]]: StunPort: stun host lookup received error -1
[23256:17080:0808/181454.706:WARNING:stun_port.cc(442)] Port[1296000:2:1:0:host:Net[any:0:0:0:x:x:x:x:x/0:Wildcard:id=0]]: StunPort: stun host lookup received error -1
[23256:17080:0808/181454.706:WARNING:stun_port.cc(442)] Port[1295000:0:1:0:host:Net[any:0:0:0:x:x:x:x:x/0:Wildcard:id=0]]: StunPort: stun host lookup received error -1
[23256:17080:0808/181454.706:WARNING:stun_port.cc(442)] Port[1295800:1:1:0:host:Net[any:0:0:0:x:x:x:x:x/0:Wildcard:id=0]]: StunPort: stun host lookup received error -1
[23256:17080:0808/181454.706:WARNING:stun_port.cc(442)] Port[1296000:2:1:0:host:Net[any:0:0:0:x:x:x:x:x/0:Wildcard:id=0]]: StunPort: stun host lookup received error -1
[4328:252:0808/181455.029:WARNING:browser_info.cc(345)] Returning a speculative frame for [8,9]
[4328:23804:0808/181455.362:WARNING:browser_info.cc(345)] Returning a speculative frame for [9,9]
[4328:23804:0808/181455.362:WARNING:browser_info.cc(345)] Returning a speculative frame for [9,9]
[4328:23804:0808/181455.362:WARNING:browser_info.cc(345)] Returning a speculative frame for [9,9]
[4328:23804:0808/181455.362:WARNING:browser_info.cc(345)] Returning a speculative frame for [9,9]
[4328:252:0808/181455.374:WARNING:browser_info.cc(345)] Returning a speculative frame for [9,9]
[19096:10828:0808/181455.487:WARNING:codec.cc(525)] Explicitly added H264 constrained baseline to list of supported formats.
[19096:15136:0808/181455.542:WARNING:codec.cc(525)] Explicitly added H264 constrained baseline to list of supported formats.
[19096:15136:0808/181455.543:WARNING:codec.cc(525)] Explicitly added H264 constrained baseline to list of supported formats.
[19096:15136:0808/181455.543:WARNING:codec.cc(525)] Explicitly added H264 constrained baseline to list of supported formats.
[16952:10280:0808/181455.578:WARNING:host_resolver_dns_task.cc(863)] Address list empty after RFC3484 sort
[16952:10280:0808/181455.583:WARNING:host_resolver_dns_task.cc(863)] Address list empty after RFC3484 sort
[16952:10280:0808/181455.583:ERROR:socket_manager.cc(147)] Failed to resolve address for stun.cloudflare.com., errorcode: -105
[16952:10280:0808/181455.584:ERROR:socket_manager.cc(147)] Failed to resolve address for stun.cloudflare.com., errorcode: -105
[16952:10280:0808/181455.584:ERROR:socket_manager.cc(147)] Failed to resolve address for stun.cloudflare.com., errorcode: -105
[19096:15136:0808/181455.584:WARNING:stun_port.cc(442)] Port[eff800:0:1:0:host:Net[any:0:0:0:x:x:x:x:x/0:Wildcard:id=0]]: StunPort: stun host lookup received error -1
[19096:15136:0808/181455.584:WARNING:stun_port.cc(442)] Port[effc00:1:1:0:host:Net[any:0:0:0:x:x:x:x:x/0:Wildcard:id=0]]: StunPort: stun host lookup received error -1
[19096:15136:0808/181455.584:WARNING:stun_port.cc(442)] Port[12ac800:2:1:0:host:Net[any:0:0:0:x:x:x:x:x/0:Wildcard:id=0]]: StunPort: stun host lookup received error -1
[16952:10280:0808/181455.613:WARNING:host_resolver_dns_task.cc(863)] Address list empty after RFC3484 sort
[16952:10280:0808/181455.618:WARNING:host_resolver_dns_task.cc(863)] Address list empty after RFC3484 sort
[16952:10280:0808/181455.618:ERROR:socket_manager.cc(147)] Failed to resolve address for stun1.l.google.com., errorcode: -105
[16952:10280:0808/181455.618:ERROR:socket_manager.cc(147)] Failed to resolve address for stun1.l.google.com., errorcode: -105
[16952:10280:0808/181455.618:ERROR:socket_manager.cc(147)] Failed to resolve address for stun1.l.google.com., errorcode: -105
[19096:15136:0808/181455.618:WARNING:stun_port.cc(442)] Port[eff800:0:1:0:host:Net[any:0:0:0:x:x:x:x:x/0:Wildcard:id=0]]: StunPort: stun host lookup received error -1
[19096:15136:0808/181455.618:WARNING:stun_port.cc(442)] Port[effc00:1:1:0:host:Net[any:0:0:0:x:x:x:x:x/0:Wildcard:id=0]]: StunPort: stun host lookup received error -1
[19096:15136:0808/181455.618:WARNING:stun_port.cc(442)] Port[12ac800:2:1:0:host:Net[any:0:0:0:x:x:x:x:x/0:Wildcard:id=0]]: StunPort: stun host lookup received error -1
[16952:10280:0808/181455.623:WARNING:host_resolver_dns_task.cc(863)] Address list empty after RFC3484 sort
[16952:10280:0808/181455.633:WARNING:host_resolver_dns_task.cc(863)] Address list empty after RFC3484 sort
[16952:10280:0808/181455.633:ERROR:socket_manager.cc(147)] Failed to resolve address for stun.l.google.com., errorcode: -105
[16952:10280:0808/181455.633:ERROR:socket_manager.cc(147)] Failed to resolve address for stun.l.google.com., errorcode: -105
[16952:10280:0808/181455.633:ERROR:socket_manager.cc(147)] Failed to resolve address for stun.l.google.com., errorcode: -105
[19096:15136:0808/181455.633:WARNING:stun_port.cc(442)] Port[eff800:0:1:0:host:Net[any:0:0:0:x:x:x:x:x/0:Wildcard:id=0]]: StunPort: stun host lookup received error -1
[19096:15136:0808/181455.633:WARNING:stun_port.cc(442)] Port[effc00:1:1:0:host:Net[any:0:0:0:x:x:x:x:x/0:Wildcard:id=0]]: StunPort: stun host lookup received error -1
[19096:15136:0808/181455.633:WARNING:stun_port.cc(442)] Port[12ac800:2:1:0:host:Net[any:0:0:0:x:x:x:x:x/0:Wildcard:id=0]]: StunPort: stun host lookup received error -1
[19096:10828:0808/181457.359:WARNING:codec.cc(525)] Explicitly added H264 constrained baseline to list of supported formats.
[23256:13592:0808/181700.482:WARNING:frame_impl.cc(430)] virtual CefFrameImpl::SendProcessMessage sent to detached frame 6-4C1DE93AC4EEE381671FED1F968E0899 will be ignored
[12656:22664:0808/181700.633:ERROR:shared_image_manager.cc(224)] SharedImageManager::ProduceSkia: Trying to Produce a Skia representation from a non-existent mailbox.
[12656:22664:0808/181700.633:ERROR:shared_image_manager.cc(224)] SharedImageManager::ProduceSkia: Trying to Produce a Skia representation from a non-existent mailbox.
[4328:23804:0808/212246.179:ERROR:device_event_log_impl.cc(196)] [21:22:45.986] USB: usb_service_win.cc:105 SetupDiGetDeviceProperty({{A45C254E-DF1C-4EFD-8020-67D146A850E0}, 6}) failed: Elemento não encontrado. (0x490)
[4328:23804:0808/220437.801:WARNING:pref_notifier_impl.cc(41)] Pref observer for media_router.cast_allow_all_ips found at shutdown.
